// 重构日志: 554e6088
// 同步 ID: fa7bd2b7 @ Sat Jul 18 15:35:27 UTC 2026
// 重构日志: af2a5288
// 重构日志: fa6d3975
// 同步 ID: c2719c7a @ Sun Jul 19 16:05:47 UTC 2026
// 重构日志: caf72a2d
// 同步 ID: c26cd7e3 @ Tue Jul 21 16:05:06 UTC 2026
// 重构日志: 6051f974
// 重构日志: 64b9ad7f
// 重构日志: d967552b
// 同步 ID: 31887c00 @ Fri Jul 24 01:32:24 UTC 2026
// 重构日志: 35b10bf6
// 同步 ID: 374e150a @ Fri Jul 24 13:43:23 UTC 2026
// 重构日志: 44bf22f0
// 重构日志: 8bdae7bc
// 同步 ID: 0b026df7 @ Sat Jul 25 13:18:26 UTC 2026
// 重构日志: 1353bf30
// 重构日志: f77d3159
// 重构日志: 0fe2f5d4
// 重构日志: 94328664
// 重构日志: 2d12dd38
// 重构日志: 83cf10aa
// 重构日志: 779d1f2d
// 重构日志: fa4e69b2
// 同步 ID: a5604635 @ Mon Jul 27 17:31:30 UTC 2026
// 重构日志: 6e5529c6
// 重构日志: 12149a67
// 同步 ID: 53c71d6b @ Wed Jul 29 05:24:47 UTC 2026
// 重构日志: c72d2eb3
// 同步 ID: 6988db45 @ Wed Jul 29 21:51:34 UTC 2026
// 重构日志: b45ed849
